Archive member included because of file (symbol)

D:/Programs/NXP/S32DS_ARM_v2018.R1/S32DS/arm_ewl2/lib/armv7e-m\libc99.a(exit.o)
                              D:/Programs/NXP/S32DS_ARM_v2018.R1/S32DS/arm_ewl2/lib/armv7e-m/__arm_start.o (exit)
D:/Programs/NXP/S32DS_ARM_v2018.R1/S32DS/arm_ewl2/lib/armv7e-m\libc99.a(memset.o)
                              D:/Programs/NXP/S32DS_ARM_v2018.R1/S32DS/arm_ewl2/lib/armv7e-m/__arm_start.o (memset)
D:/Programs/NXP/S32DS_ARM_v2018.R1/S32DS/arm_ewl2/lib/armv7e-m\libc99.a(__filll_mem.o)
                              D:/Programs/NXP/S32DS_ARM_v2018.R1/S32DS/arm_ewl2/lib/armv7e-m\libc99.a(memset.o) (__fill_mem)
D:/Programs/NXP/S32DS_ARM_v2018.R1/S32DS/arm_ewl2/lib/armv7e-m\librt.a(gcc_ctor_dtor.o)
                              D:/Programs/NXP/S32DS_ARM_v2018.R1/S32DS/arm_ewl2/lib/armv7e-m/__arm_start.o (__init_cpp)
D:/Programs/NXP/S32DS_ARM_v2018.R1/S32DS/arm_ewl2/lib/armv7e-m\librt.a(__arm_eabi_init.o)
                              D:/Programs/NXP/S32DS_ARM_v2018.R1/S32DS/arm_ewl2/lib/armv7e-m\libc99.a(exit.o) (__destroy_global_chain)
D:/Programs/NXP/S32DS_ARM_v2018.R1/S32DS/arm_ewl2/lib/armv7e-m\librt.a(ROMCopy.o)
                              D:/Programs/NXP/S32DS_ARM_v2018.R1/S32DS/arm_ewl2/lib/armv7e-m/__arm_start.o (__copy_rom_sections_to_ram)

Allocating common symbols
Common symbol       size              file

ui8_Register        0x4               ./src/hello.o

Discarded input sections

 .text          0x00000000        0x0 D:/Programs/NXP/S32DS_ARM_v2018.R1/S32DS/arm_ewl2/lib/armv7e-m/__arm_start.o
 .data          0x00000000        0x0 D:/Programs/NXP/S32DS_ARM_v2018.R1/S32DS/arm_ewl2/lib/armv7e-m/__arm_start.o
 .bss           0x00000000        0x0 D:/Programs/NXP/S32DS_ARM_v2018.R1/S32DS/arm_ewl2/lib/armv7e-m/__arm_start.o
 .text.__thumb_startup
                0x00000000       0x3c D:/Programs/NXP/S32DS_ARM_v2018.R1/S32DS/arm_ewl2/lib/armv7e-m/__arm_start.o
 .text.__iar_program_start
                0x00000000        0x4 D:/Programs/NXP/S32DS_ARM_v2018.R1/S32DS/arm_ewl2/lib/armv7e-m/__arm_start.o
 .bss.argv      0x00000000        0x4 D:/Programs/NXP/S32DS_ARM_v2018.R1/S32DS/arm_ewl2/lib/armv7e-m/__arm_start.o
 .debug_info    0x00000000      0x144 D:/Programs/NXP/S32DS_ARM_v2018.R1/S32DS/arm_ewl2/lib/armv7e-m/__arm_start.o
 .debug_abbrev  0x00000000       0xc0 D:/Programs/NXP/S32DS_ARM_v2018.R1/S32DS/arm_ewl2/lib/armv7e-m/__arm_start.o
 .debug_aranges
                0x00000000       0x28 D:/Programs/NXP/S32DS_ARM_v2018.R1/S32DS/arm_ewl2/lib/armv7e-m/__arm_start.o
 .debug_line    0x00000000       0x68 D:/Programs/NXP/S32DS_ARM_v2018.R1/S32DS/arm_ewl2/lib/armv7e-m/__arm_start.o
 .debug_str     0x00000000      0x270 D:/Programs/NXP/S32DS_ARM_v2018.R1/S32DS/arm_ewl2/lib/armv7e-m/__arm_start.o
 .comment       0x00000000       0x71 D:/Programs/NXP/S32DS_ARM_v2018.R1/S32DS/arm_ewl2/lib/armv7e-m/__arm_start.o
 .debug_frame   0x00000000       0x30 D:/Programs/NXP/S32DS_ARM_v2018.R1/S32DS/arm_ewl2/lib/armv7e-m/__arm_start.o
 .ARM.attributes
                0x00000000       0x33 D:/Programs/NXP/S32DS_ARM_v2018.R1/S32DS/arm_ewl2/lib/armv7e-m/__arm_start.o
 .group         0x00000000        0x8 ./src/output_functions.o
 .group         0x00000000        0x8 ./src/output_functions.o
 .group         0x00000000        0x8 ./src/output_functions.o
 .group         0x00000000        0x8 ./src/output_functions.o
 .group         0x00000000        0x8 ./src/output_functions.o
 .group         0x00000000        0x8 ./src/output_functions.o
 .group         0x00000000        0x8 ./src/output_functions.o
 .group         0x00000000        0x8 ./src/output_functions.o
 .group         0x00000000        0x8 ./src/output_functions.o
 .group         0x00000000        0x8 ./src/output_functions.o
 .group         0x00000000        0x8 ./src/output_functions.o
 .group         0x00000000        0x8 ./src/output_functions.o
 .group         0x00000000        0x8 ./src/output_functions.o
 .group         0x00000000        0x8 ./src/output_functions.o
 .text          0x00000000        0x0 ./src/output_functions.o
 .data          0x00000000        0x0 ./src/output_functions.o
 .bss           0x00000000        0x0 ./src/output_functions.o
 .debug_info    0x00000000       0x6f ./src/output_functions.o
 .debug_abbrev  0x00000000       0x29 ./src/output_functions.o
 .debug_aranges
                0x00000000       0x18 ./src/output_functions.o
 .debug_macro   0x00000000       0xa6 ./src/output_functions.o
 .debug_macro   0x00000000      0x868 ./src/output_functions.o
 .debug_macro   0x00000000       0x52 ./src/output_functions.o
 .debug_macro   0x00000000       0xa0 ./src/output_functions.o
 .debug_macro   0x00000000       0x16 ./src/output_functions.o
 .debug_macro   0x00000000       0x19 ./src/output_functions.o
 .debug_macro   0x00000000       0x64 ./src/output_functions.o
 .debug_macro   0x00000000      0x185 ./src/output_functions.o
 .debug_macro   0x00000000      0x140 ./src/output_functions.o
 .debug_macro   0x00000000       0x9d ./src/output_functions.o
 .debug_macro   0x00000000       0x10 ./src/output_functions.o
 .debug_macro   0x00000000      0x15b ./src/output_functions.o
 .debug_macro   0x00000000       0x28 ./src/output_functions.o
 .debug_macro   0x00000000       0x58 ./src/output_functions.o
 .debug_macro   0x00000000     0xdf8d ./src/output_functions.o
 .debug_line    0x00000000      0x1be ./src/output_functions.o
 .debug_str     0x00000000    0x5dc3c ./src/output_functions.o
 .comment       0x00000000       0x71 ./src/output_functions.o
 .ARM.attributes
                0x00000000       0x33 ./src/output_functions.o
 .group         0x00000000        0x8 ./src/macros.o
 .group         0x00000000        0x8 ./src/macros.o
 .group         0x00000000        0x8 ./src/macros.o
 .group         0x00000000        0x8 ./src/macros.o
 .group         0x00000000        0x8 ./src/macros.o
 .group         0x00000000        0x8 ./src/macros.o
 .group         0x00000000        0x8 ./src/macros.o
 .group         0x00000000        0x8 ./src/macros.o
 .group         0x00000000        0x8 ./src/macros.o
 .group         0x00000000        0x8 ./src/macros.o
 .group         0x00000000        0x8 ./src/macros.o
 .group         0x00000000        0x8 ./src/macros.o
 .group         0x00000000        0x8 ./src/macros.o
 .group         0x00000000        0x8 ./src/macros.o
 .text          0x00000000        0x0 ./src/macros.o
 .data          0x00000000        0x0 ./src/macros.o
 .bss           0x00000000        0x0 ./src/macros.o
 .debug_info    0x00000000       0x6f ./src/macros.o
 .debug_abbrev  0x00000000       0x29 ./src/macros.o
 .debug_aranges
                0x00000000       0x18 ./src/macros.o
 .debug_macro   0x00000000      0x106 ./src/macros.o
 .debug_macro   0x00000000      0x868 ./src/macros.o
 .debug_macro   0x00000000       0x52 ./src/macros.o
 .debug_macro   0x00000000       0xa0 ./src/macros.o
 .debug_macro   0x00000000       0x16 ./src/macros.o
 .debug_macro   0x00000000       0x19 ./src/macros.o
 .debug_macro   0x00000000       0x64 ./src/macros.o
 .debug_macro   0x00000000      0x185 ./src/macros.o
 .debug_macro   0x00000000      0x140 ./src/macros.o
 .debug_macro   0x00000000       0x9d ./src/macros.o
 .debug_macro   0x00000000       0x10 ./src/macros.o
 .debug_macro   0x00000000      0x15b ./src/macros.o
 .debug_macro   0x00000000       0x28 ./src/macros.o
 .debug_macro   0x00000000       0x58 ./src/macros.o
 .debug_macro   0x00000000     0xdf8d ./src/macros.o
 .debug_line    0x00000000      0x1b4 ./src/macros.o
 .debug_str     0x00000000    0x5ddd9 ./src/macros.o
 .comment       0x00000000       0x71 ./src/macros.o
 .ARM.attributes
                0x00000000       0x33 ./src/macros.o
 .group         0x00000000        0x8 ./src/lpti0_functions.o
 .group         0x00000000        0x8 ./src/lpti0_functions.o
 .group         0x00000000        0x8 ./src/lpti0_functions.o
 .group         0x00000000        0x8 ./src/lpti0_functions.o
 .group         0x00000000        0x8 ./src/lpti0_functions.o
 .group         0x00000000        0x8 ./src/lpti0_functions.o
 .group         0x00000000        0x8 ./src/lpti0_functions.o
 .group         0x00000000        0x8 ./src/lpti0_functions.o
 .group         0x00000000        0x8 ./src/lpti0_functions.o
 .group         0x00000000        0x8 ./src/lpti0_functions.o
 .group         0x00000000        0x8 ./src/lpti0_functions.o
 .group         0x00000000        0x8 ./src/lpti0_functions.o
 .group         0x00000000        0x8 ./src/lpti0_functions.o
 .group         0x00000000        0x8 ./src/lpti0_functions.o
 .text          0x00000000        0x0 ./src/lpti0_functions.o
 .data          0x00000000        0x0 ./src/lpti0_functions.o
 .bss           0x00000000        0x0 ./src/lpti0_functions.o
 .debug_macro   0x00000000      0x868 ./src/lpti0_functions.o
 .debug_macro   0x00000000       0x52 ./src/lpti0_functions.o
 .debug_macro   0x00000000       0xa0 ./src/lpti0_functions.o
 .debug_macro   0x00000000       0x16 ./src/lpti0_functions.o
 .debug_macro   0x00000000       0x19 ./src/lpti0_functions.o
 .debug_macro   0x00000000       0x64 ./src/lpti0_functions.o
 .debug_macro   0x00000000      0x185 ./src/lpti0_functions.o
 .debug_macro   0x00000000      0x140 ./src/lpti0_functions.o
 .debug_macro   0x00000000       0x9d ./src/lpti0_functions.o
 .debug_macro   0x00000000       0x10 ./src/lpti0_functions.o
 .debug_macro   0x00000000      0x15b ./src/lpti0_functions.o
 .debug_macro   0x00000000       0x28 ./src/lpti0_functions.o
 .debug_macro   0x00000000       0x58 ./src/lpti0_functions.o
 .debug_macro   0x00000000     0xdf8d ./src/lpti0_functions.o
 .group         0x00000000        0x8 ./src/initialization_functions.o
 .group         0x00000000        0x8 ./src/initialization_functions.o
 .group         0x00000000        0x8 ./src/initialization_functions.o
 .group         0x00000000        0x8 ./src/initialization_functions.o
 .group         0x00000000        0x8 ./src/initialization_functions.o
 .group         0x00000000        0x8 ./src/initialization_functions.o
 .group         0x00000000        0x8 ./src/initialization_functions.o
 .group         0x00000000        0x8 ./src/initialization_functions.o
 .group         0x00000000        0x8 ./src/initialization_functions.o
 .group         0x00000000        0x8 ./src/initialization_functions.o
 .group         0x00000000        0x8 ./src/initialization_functions.o
 .group         0x00000000        0x8 ./src/initialization_functions.o
 .group         0x00000000        0x8 ./src/initialization_functions.o
 .group         0x00000000        0x8 ./src/initialization_functions.o
 .group         0x00000000        0x8 ./src/initialization_functions.o
 .text          0x00000000        0x0 ./src/initialization_functions.o
 .data          0x00000000        0x0 ./src/initialization_functions.o
 .bss           0x00000000        0x0 ./src/initialization_functions.o
 .debug_macro   0x00000000      0x868 ./src/initialization_functions.o
 .debug_macro   0x00000000       0x52 ./src/initialization_functions.o
 .debug_macro   0x00000000       0xa0 ./src/initialization_functions.o
 .debug_macro   0x00000000       0x16 ./src/initialization_functions.o
 .debug_macro   0x00000000       0x19 ./src/initialization_functions.o
 .debug_macro   0x00000000       0x64 ./src/initialization_functions.o
 .debug_macro   0x00000000      0x185 ./src/initialization_functions.o
 .debug_macro   0x00000000      0x140 ./src/initialization_functions.o
 .debug_macro   0x00000000       0x9d ./src/initialization_functions.o
 .debug_macro   0x00000000       0x10 ./src/initialization_functions.o
 .debug_macro   0x00000000      0x15b ./src/initialization_functions.o
 .debug_macro   0x00000000       0x28 ./src/initialization_functions.o
 .debug_macro   0x00000000       0x58 ./src/initialization_functions.o
 .debug_macro   0x00000000     0xdf8d ./src/initialization_functions.o
 .group         0x00000000        0x8 ./src/hello.o
 .group         0x00000000        0x8 ./src/hello.o
 .group         0x00000000        0x8 ./src/hello.o
 .group         0x00000000        0x8 ./src/hello.o
 .group         0x00000000        0x8 ./src/hello.o
 .group         0x00000000        0x8 ./src/hello.o
 .group         0x00000000        0x8 ./src/hello.o
 .group         0x00000000        0x8 ./src/hello.o
 .group         0x00000000        0x8 ./src/hello.o
 .group         0x00000000        0x8 ./src/hello.o
 .group         0x00000000        0x8 ./src/hello.o
 .group         0x00000000        0x8 ./src/hello.o
 .group         0x00000000        0x8 ./src/hello.o
 .group         0x00000000        0x8 ./src/hello.o
 .group         0x00000000        0x8 ./src/hello.o
 .text          0x00000000        0x0 ./src/hello.o
 .data          0x00000000        0x0 ./src/hello.o
 .bss           0x00000000        0x0 ./src/hello.o
 .bss.idle_counter
                0x00000000        0x4 ./src/hello.o
 .bss.exit_code
                0x00000000        0x4 ./src/hello.o
 .debug_macro   0x00000000      0x868 ./src/hello.o
 .debug_macro   0x00000000       0x52 ./src/hello.o
 .debug_macro   0x00000000       0xa0 ./src/hello.o
 .debug_macro   0x00000000       0x16 ./src/hello.o
 .debug_macro   0x00000000       0x19 ./src/hello.o
 .debug_macro   0x00000000       0x64 ./src/hello.o
 .debug_macro   0x00000000      0x185 ./src/hello.o
 .debug_macro   0x00000000      0x140 ./src/hello.o
 .debug_macro   0x00000000       0x9d ./src/hello.o
 .debug_macro   0x00000000       0x10 ./src/hello.o
 .debug_macro   0x00000000      0x15b ./src/hello.o
 .debug_macro   0x00000000       0x28 ./src/hello.o
 .debug_macro   0x00000000       0x58 ./src/hello.o
 .debug_macro   0x00000000     0xdf8d ./src/hello.o
 .debug_macro   0x00000000       0x64 ./src/hello.o
 .group         0x00000000        0x8 ./src/clocks_and_modes.o
 .group         0x00000000        0x8 ./src/clocks_and_modes.o
 .group         0x00000000        0x8 ./src/clocks_and_modes.o
 .group         0x00000000        0x8 ./src/clocks_and_modes.o
 .group         0x00000000        0x8 ./src/clocks_and_modes.o
 .group         0x00000000        0x8 ./src/clocks_and_modes.o
 .group         0x00000000        0x8 ./src/clocks_and_modes.o
 .group         0x00000000        0x8 ./src/clocks_and_modes.o
 .group         0x00000000        0x8 ./src/clocks_and_modes.o
 .group         0x00000000        0x8 ./src/clocks_and_modes.o
 .group         0x00000000        0x8 ./src/clocks_and_modes.o
 .group         0x00000000        0x8 ./src/clocks_and_modes.o
 .group         0x00000000        0x8 ./src/clocks_and_modes.o
 .group         0x00000000        0x8 ./src/clocks_and_modes.o
 .text          0x00000000        0x0 ./src/clocks_and_modes.o
 .data          0x00000000        0x0 ./src/clocks_and_modes.o
 .bss           0x00000000        0x0 ./src/clocks_and_modes.o
 .debug_macro   0x00000000      0x868 ./src/clocks_and_modes.o
 .debug_macro   0x00000000       0x52 ./src/clocks_and_modes.o
 .debug_macro   0x00000000       0xa0 ./src/clocks_and_modes.o
 .debug_macro   0x00000000       0x16 ./src/clocks_and_modes.o
 .debug_macro   0x00000000       0x19 ./src/clocks_and_modes.o
 .debug_macro   0x00000000       0x64 ./src/clocks_and_modes.o
 .debug_macro   0x00000000      0x185 ./src/clocks_and_modes.o
 .debug_macro   0x00000000      0x140 ./src/clocks_and_modes.o
 .debug_macro   0x00000000       0x9d ./src/clocks_and_modes.o
 .debug_macro   0x00000000       0x10 ./src/clocks_and_modes.o
 .debug_macro   0x00000000      0x15b ./src/clocks_and_modes.o
 .debug_macro   0x00000000       0x28 ./src/clocks_and_modes.o
 .debug_macro   0x00000000       0x58 ./src/clocks_and_modes.o
 .debug_macro   0x00000000     0xdf8d ./src/clocks_and_modes.o
 .group         0x00000000        0x8 ./Project_Settings/Startup_Code/system_S32K144.o
 .group         0x00000000        0x8 ./Project_Settings/Startup_Code/system_S32K144.o
 .group         0x00000000        0x8 ./Project_Settings/Startup_Code/system_S32K144.o
 .group         0x00000000        0x8 ./Project_Settings/Startup_Code/system_S32K144.o
 .group         0x00000000        0x8 ./Project_Settings/Startup_Code/system_S32K144.o
 .group         0x00000000        0x8 ./Project_Settings/Startup_Code/system_S32K144.o
 .group         0x00000000        0x8 ./Project_Settings/Startup_Code/system_S32K144.o
 .group         0x00000000        0x8 ./Project_Settings/Startup_Code/system_S32K144.o
 .group         0x00000000        0x8 ./Project_Settings/Startup_Code/system_S32K144.o
 .group         0x00000000        0x8 ./Project_Settings/Startup_Code/system_S32K144.o
 .group         0x00000000        0x8 ./Project_Settings/Startup_Code/system_S32K144.o
 .group         0x00000000        0x8 ./Project_Settings/Startup_Code/system_S32K144.o
 .group         0x00000000        0x8 ./Project_Settings/Startup_Code/system_S32K144.o
 .group         0x00000000        0x8 ./Project_Settings/Startup_Code/system_S32K144.o
 .group         0x00000000        0x8 ./Project_Settings/Startup_Code/system_S32K144.o
 .group         0x00000000        0x8 ./Project_Settings/Startup_Code/system_S32K144.o
 .group         0x00000000        0x8 ./Project_Settings/Startup_Code/system_S32K144.o
 .group         0x00000000        0x8 ./Project_Settings/Startup_Code/system_S32K144.o
 .group         0x00000000        0x8 ./Project_Settings/Startup_Code/system_S32K144.o
 .text          0x00000000        0x0 ./Project_Settings/Startup_Code/system_S32K144.o
 .data          0x00000000        0x0 ./Project_Settings/Startup_Code/system_S32K144.o
 .bss           0x00000000        0x0 ./Project_Settings/Startup_Code/system_S32K144.o
 .data.SystemCoreClock
                0x00000000        0x4 ./Project_Settings/Startup_Code/system_S32K144.o
 .text.SystemCoreClockUpdate
                0x00000000       0xf4 ./Project_Settings/Startup_Code/system_S32K144.o
 .text.SystemSoftwareReset
                0x00000000       0x40 ./Project_Settings/Startup_Code/system_S32K144.o
 .rodata.fircFreq.5043
                0x00000000       0x10 ./Project_Settings/Startup_Code/system_S32K144.o
 .debug_macro   0x00000000      0x868 ./Project_Settings/Startup_Code/system_S32K144.o
 .debug_macro   0x00000000       0x52 ./Project_Settings/Startup_Code/system_S32K144.o
 .debug_macro   0x00000000       0xa0 ./Project_Settings/Startup_Code/system_S32K144.o
 .debug_macro   0x00000000       0x16 ./Project_Settings/Startup_Code/system_S32K144.o
 .debug_macro   0x00000000       0x19 ./Project_Settings/Startup_Code/system_S32K144.o
 .debug_macro   0x00000000       0x64 ./Project_Settings/Startup_Code/system_S32K144.o
 .debug_macro   0x00000000      0x185 ./Project_Settings/Startup_Code/system_S32K144.o
 .debug_macro   0x00000000      0x140 ./Project_Settings/Startup_Code/system_S32K144.o
 .debug_macro   0x00000000       0x9d ./Project_Settings/Startup_Code/system_S32K144.o
 .debug_macro   0x00000000       0x10 ./Project_Settings/Startup_Code/system_S32K144.o
 .debug_macro   0x00000000      0x15b ./Project_Settings/Startup_Code/system_S32K144.o
 .debug_macro   0x00000000       0x28 ./Project_Settings/Startup_Code/system_S32K144.o
 .debug_macro   0x00000000       0x58 ./Project_Settings/Startup_Code/system_S32K144.o
 .debug_macro   0x00000000     0xdf8d ./Project_Settings/Startup_Code/system_S32K144.o
 .data          0x00000000        0x0 ./Project_Settings/Startup_Code/startup_S32K144.o
 .bss           0x00000000        0x0 ./Project_Settings/Startup_Code/startup_S32K144.o
 .group         0x00000000        0x8 ./Project_Settings/Startup_Code/startup.o
 .group         0x00000000        0x8 ./Project_Settings/Startup_Code/startup.o
 .group         0x00000000        0x8 ./Project_Settings/Startup_Code/startup.o
 .group         0x00000000        0x8 ./Project_Settings/Startup_Code/startup.o
 .group         0x00000000        0x8 ./Project_Settings/Startup_Code/startup.o
 .group         0x00000000        0x8 ./Project_Settings/Startup_Code/startup.o
 .group         0x00000000        0x8 ./Project_Settings/Startup_Code/startup.o
 .group         0x00000000        0x8 ./Project_Settings/Startup_Code/startup.o
 .group         0x00000000        0x8 ./Project_Settings/Startup_Code/startup.o
 .group         0x00000000        0x8 ./Project_Settings/Startup_Code/startup.o
 .group         0x00000000        0x8 ./Project_Settings/Startup_Code/startup.o
 .group         0x00000000        0x8 ./Project_Settings/Startup_Code/startup.o
 .group         0x00000000        0x8 ./Project_Settings/Startup_Code/startup.o
 .group         0x00000000        0x8 ./Project_Settings/Startup_Code/startup.o
 .group         0x00000000        0x8 ./Project_Settings/Startup_Code/startup.o
 .group         0x00000000        0x8 ./Project_Settings/Startup_Code/startup.o
 .group         0x00000000        0x8 ./Project_Settings/Startup_Code/startup.o
 .group         0x00000000        0x8 ./Project_Settings/Startup_Code/startup.o
 .text          0x00000000        0x0 ./Project_Settings/Startup_Code/startup.o
 .data          0x00000000        0x0 ./Project_Settings/Startup_Code/startup.o
 .bss           0x00000000        0x0 ./Project_Settings/Startup_Code/startup.o
 .debug_macro   0x00000000      0x868 ./Project_Settings/Startup_Code/startup.o
 .debug_macro   0x00000000       0x52 ./Project_Settings/Startup_Code/startup.o
 .debug_macro   0x00000000       0xa0 ./Project_Settings/Startup_Code/startup.o
 .debug_macro   0x00000000       0x16 ./Project_Settings/Startup_Code/startup.o
 .debug_macro   0x00000000       0x10 ./Project_Settings/Startup_Code/startup.o
 .debug_macro   0x00000000       0x6d ./Project_Settings/Startup_Code/startup.o
 .debug_macro   0x00000000       0x19 ./Project_Settings/Startup_Code/startup.o
 .debug_macro   0x00000000       0x64 ./Project_Settings/Startup_Code/startup.o
 .debug_macro   0x00000000      0x185 ./Project_Settings/Startup_Code/startup.o
 .debug_macro   0x00000000      0x140 ./Project_Settings/Startup_Code/startup.o
 .debug_macro   0x00000000       0x9d ./Project_Settings/Startup_Code/startup.o
 .debug_macro   0x00000000       0x10 ./Project_Settings/Startup_Code/startup.o
 .debug_macro   0x00000000      0x15b ./Project_Settings/Startup_Code/startup.o
 .debug_macro   0x00000000       0x28 ./Project_Settings/Startup_Code/startup.o
 .debug_macro   0x00000000       0x58 ./Project_Settings/Startup_Code/startup.o
 .debug_macro   0x00000000     0xdf8d ./Project_Settings/Startup_Code/startup.o
 .debug_macro   0x00000000      0x978 ./Project_Settings/Startup_Code/startup.o
 .debug_macro   0x00000000       0x22 ./Project_Settings/Startup_Code/startup.o
 .text          0x00000000        0x0 D:/Programs/NXP/S32DS_ARM_v2018.R1/S32DS/arm_ewl2/lib/armv7e-m\libc99.a(exit.o)
 .data          0x00000000        0x0 D:/Programs/NXP/S32DS_ARM_v2018.R1/S32DS/arm_ewl2/lib/armv7e-m\libc99.a(exit.o)
 .bss           0x00000000        0x0 D:/Programs/NXP/S32DS_ARM_v2018.R1/S32DS/arm_ewl2/lib/armv7e-m\libc99.a(exit.o)
 .text.exit     0x00000000       0x38 D:/Programs/NXP/S32DS_ARM_v2018.R1/S32DS/arm_ewl2/lib/armv7e-m\libc99.a(exit.o)
 .text._Exit    0x00000000        0x4 D:/Programs/NXP/S32DS_ARM_v2018.R1/S32DS/arm_ewl2/lib/armv7e-m\libc99.a(exit.o)
 .bss.__stdio_exit
                0x00000000        0x4 D:/Programs/NXP/S32DS_ARM_v2018.R1/S32DS/arm_ewl2/lib/armv7e-m\libc99.a(exit.o)
 .bss.__console_exit
                0x00000000        0x4 D:/Programs/NXP/S32DS_ARM_v2018.R1/S32DS/arm_ewl2/lib/armv7e-m\libc99.a(exit.o)
 .debug_info    0x00000000      0x111 D:/Programs/NXP/S32DS_ARM_v2018.R1/S32DS/arm_ewl2/lib/armv7e-m\libc99.a(exit.o)
 .debug_abbrev  0x00000000       0x91 D:/Programs/NXP/S32DS_ARM_v2018.R1/S32DS/arm_ewl2/lib/armv7e-m\libc99.a(exit.o)
 .debug_loc     0x00000000       0x5d D:/Programs/NXP/S32DS_ARM_v2018.R1/S32DS/arm_ewl2/lib/armv7e-m\libc99.a(exit.o)
 .debug_aranges
                0x00000000       0x28 D:/Programs/NXP/S32DS_ARM_v2018.R1/S32DS/arm_ewl2/lib/armv7e-m\libc99.a(exit.o)
 .debug_line    0x00000000       0xa4 D:/Programs/NXP/S32DS_ARM_v2018.R1/S32DS/arm_ewl2/lib/armv7e-m\libc99.a(exit.o)
 .debug_str     0x00000000      0x23c D:/Programs/NXP/S32DS_ARM_v2018.R1/S32DS/arm_ewl2/lib/armv7e-m\libc99.a(exit.o)
 .comment       0x00000000       0x71 D:/Programs/NXP/S32DS_ARM_v2018.R1/S32DS/arm_ewl2/lib/armv7e-m\libc99.a(exit.o)
 .debug_frame   0x00000000       0x3c D:/Programs/NXP/S32DS_ARM_v2018.R1/S32DS/arm_ewl2/lib/armv7e-m\libc99.a(exit.o)
 .ARM.attributes
                0x00000000       0x33 D:/Programs/NXP/S32DS_ARM_v2018.R1/S32DS/arm_ewl2/lib/armv7e-m\libc99.a(exit.o)
 .text          0x00000000        0x0 D:/Programs/NXP/S32DS_ARM_v2018.R1/S32DS/arm_ewl2/lib/armv7e-m\libc99.a(memset.o)
 .data          0x00000000        0x0 D:/Programs/NXP/S32DS_ARM_v2018.R1/S32DS/arm_ewl2/lib/armv7e-m\libc99.a(memset.o)
 .bss           0x00000000        0x0 D:/Programs/NXP/S32DS_ARM_v2018.R1/S32DS/arm_ewl2/lib/armv7e-m\libc99.a(memset.o)
 .text.memset   0x00000000        0xc D:/Programs/NXP/S32DS_ARM_v2018.R1/S32DS/arm_ewl2/lib/armv7e-m\libc99.a(memset.o)
 .debug_info    0x00000000       0xec D:/Programs/NXP/S32DS_ARM_v2018.R1/S32DS/arm_ewl2/lib/armv7e-m\libc99.a(memset.o)
 .debug_abbrev  0x00000000       0x62 D:/Programs/NXP/S32DS_ARM_v2018.R1/S32DS/arm_ewl2/lib/armv7e-m\libc99.a(memset.o)
 .debug_loc     0x00000000       0x64 D:/Programs/NXP/S32DS_ARM_v2018.R1/S32DS/arm_ewl2/lib/armv7e-m\libc99.a(memset.o)
 .debug_aranges
                0x00000000       0x20 D:/Programs/NXP/S32DS_ARM_v2018.R1/S32DS/arm_ewl2/lib/armv7e-m\libc99.a(memset.o)
 .debug_line    0x00000000       0x8f D:/Programs/NXP/S32DS_ARM_v2018.R1/S32DS/arm_ewl2/lib/armv7e-m\libc99.a(memset.o)
 .debug_str     0x00000000      0x21f D:/Programs/NXP/S32DS_ARM_v2018.R1/S32DS/arm_ewl2/lib/armv7e-m\libc99.a(memset.o)
 .comment       0x00000000       0x71 D:/Programs/NXP/S32DS_ARM_v2018.R1/S32DS/arm_ewl2/lib/armv7e-m\libc99.a(memset.o)
 .debug_frame   0x00000000       0x28 D:/Programs/NXP/S32DS_ARM_v2018.R1/S32DS/arm_ewl2/lib/armv7e-m\libc99.a(memset.o)
 .ARM.attributes
                0x00000000       0x33 D:/Programs/NXP/S32DS_ARM_v2018.R1/S32DS/arm_ewl2/lib/armv7e-m\libc99.a(memset.o)
 .text          0x00000000        0x0 D:/Programs/NXP/S32DS_ARM_v2018.R1/S32DS/arm_ewl2/lib/armv7e-m\libc99.a(__filll_mem.o)
 .data          0x00000000        0x0 D:/Programs/NXP/S32DS_ARM_v2018.R1/S32DS/arm_ewl2/lib/armv7e-m\libc99.a(__filll_mem.o)
 .bss           0x00000000        0x0 D:/Programs/NXP/S32DS_ARM_v2018.R1/S32DS/arm_ewl2/lib/armv7e-m\libc99.a(__filll_mem.o)
 .text.__fill_mem
                0x00000000       0x7a D:/Programs/NXP/S32DS_ARM_v2018.R1/S32DS/arm_ewl2/lib/armv7e-m\libc99.a(__filll_mem.o)
 .debug_info    0x00000000      0x137 D:/Programs/NXP/S32DS_ARM_v2018.R1/S32DS/arm_ewl2/lib/armv7e-m\libc99.a(__filll_mem.o)
 .debug_abbrev  0x00000000       0x78 D:/Programs/NXP/S32DS_ARM_v2018.R1/S32DS/arm_ewl2/lib/armv7e-m\libc99.a(__filll_mem.o)
 .debug_loc     0x00000000      0x16b D:/Programs/NXP/S32DS_ARM_v2018.R1/S32DS/arm_ewl2/lib/armv7e-m\libc99.a(__filll_mem.o)
 .debug_aranges
                0x00000000       0x20 D:/Programs/NXP/S32DS_ARM_v2018.R1/S32DS/arm_ewl2/lib/armv7e-m\libc99.a(__filll_mem.o)
 .debug_line    0x00000000       0xb2 D:/Programs/NXP/S32DS_ARM_v2018.R1/S32DS/arm_ewl2/lib/armv7e-m\libc99.a(__filll_mem.o)
 .debug_str     0x00000000      0x231 D:/Programs/NXP/S32DS_ARM_v2018.R1/S32DS/arm_ewl2/lib/armv7e-m\libc99.a(__filll_mem.o)
 .comment       0x00000000       0x71 D:/Programs/NXP/S32DS_ARM_v2018.R1/S32DS/arm_ewl2/lib/armv7e-m\libc99.a(__filll_mem.o)
 .debug_frame   0x00000000       0x28 D:/Programs/NXP/S32DS_ARM_v2018.R1/S32DS/arm_ewl2/lib/armv7e-m\libc99.a(__filll_mem.o)
 .ARM.attributes
                0x00000000       0x33 D:/Programs/NXP/S32DS_ARM_v2018.R1/S32DS/arm_ewl2/lib/armv7e-m\libc99.a(__filll_mem.o)
 .text          0x00000000        0x0 D:/Programs/NXP/S32DS_ARM_v2018.R1/S32DS/arm_ewl2/lib/armv7e-m\librt.a(gcc_ctor_dtor.o)
 .data          0x00000000        0x0 D:/Programs/NXP/S32DS_ARM_v2018.R1/S32DS/arm_ewl2/lib/armv7e-m\librt.a(gcc_ctor_dtor.o)
 .bss           0x00000000        0x0 D:/Programs/NXP/S32DS_ARM_v2018.R1/S32DS/arm_ewl2/lib/armv7e-m\librt.a(gcc_ctor_dtor.o)
 .text.__init_cpp
                0x00000000       0x4c D:/Programs/NXP/S32DS_ARM_v2018.R1/S32DS/arm_ewl2/lib/armv7e-m\librt.a(gcc_ctor_dtor.o)
 .text.__fini_cpp
                0x00000000       0x34 D:/Programs/NXP/S32DS_ARM_v2018.R1/S32DS/arm_ewl2/lib/armv7e-m\librt.a(gcc_ctor_dtor.o)
 .text._ExitProcess
                0x00000000        0x2 D:/Programs/NXP/S32DS_ARM_v2018.R1/S32DS/arm_ewl2/lib/armv7e-m\librt.a(gcc_ctor_dtor.o)
 .bss.__dso_handle
                0x00000000        0x4 D:/Programs/NXP/S32DS_ARM_v2018.R1/S32DS/arm_ewl2/lib/armv7e-m\librt.a(gcc_ctor_dtor.o)
 .debug_info    0x00000000      0x14a D:/Programs/NXP/S32DS_ARM_v2018.R1/S32DS/arm_ewl2/lib/armv7e-m\librt.a(gcc_ctor_dtor.o)
 .debug_abbrev  0x00000000       0xae D:/Programs/NXP/S32DS_ARM_v2018.R1/S32DS/arm_ewl2/lib/armv7e-m\librt.a(gcc_ctor_dtor.o)
 .debug_loc     0x00000000       0x9d D:/Programs/NXP/S32DS_ARM_v2018.R1/S32DS/arm_ewl2/lib/armv7e-m\librt.a(gcc_ctor_dtor.o)
 .debug_aranges
                0x00000000       0x30 D:/Programs/NXP/S32DS_ARM_v2018.R1/S32DS/arm_ewl2/lib/armv7e-m\librt.a(gcc_ctor_dtor.o)
 .debug_line    0x00000000       0x74 D:/Programs/NXP/S32DS_ARM_v2018.R1/S32DS/arm_ewl2/lib/armv7e-m\librt.a(gcc_ctor_dtor.o)
 .debug_str     0x00000000      0x28e D:/Programs/NXP/S32DS_ARM_v2018.R1/S32DS/arm_ewl2/lib/armv7e-m\librt.a(gcc_ctor_dtor.o)
 .comment       0x00000000       0x71 D:/Programs/NXP/S32DS_ARM_v2018.R1/S32DS/arm_ewl2/lib/armv7e-m\librt.a(gcc_ctor_dtor.o)
 .debug_frame   0x00000000       0x50 D:/Programs/NXP/S32DS_ARM_v2018.R1/S32DS/arm_ewl2/lib/armv7e-m\librt.a(gcc_ctor_dtor.o)
 .ARM.attributes
                0x00000000       0x33 D:/Programs/NXP/S32DS_ARM_v2018.R1/S32DS/arm_ewl2/lib/armv7e-m\librt.a(gcc_ctor_dtor.o)
 .text          0x00000000        0x0 D:/Programs/NXP/S32DS_ARM_v2018.R1/S32DS/arm_ewl2/lib/armv7e-m\librt.a(__arm_eabi_init.o)
 .data          0x00000000        0x0 D:/Programs/NXP/S32DS_ARM_v2018.R1/S32DS/arm_ewl2/lib/armv7e-m\librt.a(__arm_eabi_init.o)
 .bss           0x00000000        0x0 D:/Programs/NXP/S32DS_ARM_v2018.R1/S32DS/arm_ewl2/lib/armv7e-m\librt.a(__arm_eabi_init.o)
 .text.__destroy_global_chain
                0x00000000       0x18 D:/Programs/NXP/S32DS_ARM_v2018.R1/S32DS/arm_ewl2/lib/armv7e-m\librt.a(__arm_eabi_init.o)
 .text.__register_global_object
                0x00000000       0x14 D:/Programs/NXP/S32DS_ARM_v2018.R1/S32DS/arm_ewl2/lib/armv7e-m\librt.a(__arm_eabi_init.o)
 .text.__cxa_atexit
                0x00000000       0x38 D:/Programs/NXP/S32DS_ARM_v2018.R1/S32DS/arm_ewl2/lib/armv7e-m\librt.a(__arm_eabi_init.o)
 .text.__aeabi_atexit
                0x00000000        0xa D:/Programs/NXP/S32DS_ARM_v2018.R1/S32DS/arm_ewl2/lib/armv7e-m\librt.a(__arm_eabi_init.o)
 .text.__register_atexit
                0x00000000        0x8 D:/Programs/NXP/S32DS_ARM_v2018.R1/S32DS/arm_ewl2/lib/armv7e-m\librt.a(__arm_eabi_init.o)
 .text.__init_registers
                0x00000000       0x20 D:/Programs/NXP/S32DS_ARM_v2018.R1/S32DS/arm_ewl2/lib/armv7e-m\librt.a(__arm_eabi_init.o)
 .text.__init_hardware
                0x00000000        0x4 D:/Programs/NXP/S32DS_ARM_v2018.R1/S32DS/arm_ewl2/lib/armv7e-m\librt.a(__arm_eabi_init.o)
 .text.__init_user
                0x00000000        0x4 D:/Programs/NXP/S32DS_ARM_v2018.R1/S32DS/arm_ewl2/lib/armv7e-m\librt.a(__arm_eabi_init.o)
 .bss.atexit_curr_func
                0x00000000        0x4 D:/Programs/NXP/S32DS_ARM_v2018.R1/S32DS/arm_ewl2/lib/armv7e-m\librt.a(__arm_eabi_init.o)
 .bss.atexit_funcs
                0x00000000      0x300 D:/Programs/NXP/S32DS_ARM_v2018.R1/S32DS/arm_ewl2/lib/armv7e-m\librt.a(__arm_eabi_init.o)
 .bss.__global_destructor_chain
                0x00000000        0x4 D:/Programs/NXP/S32DS_ARM_v2018.R1/S32DS/arm_ewl2/lib/armv7e-m\librt.a(__arm_eabi_init.o)
 .debug_info    0x00000000      0x2b3 D:/Programs/NXP/S32DS_ARM_v2018.R1/S32DS/arm_ewl2/lib/armv7e-m\librt.a(__arm_eabi_init.o)
 .debug_abbrev  0x00000000      0x1d3 D:/Programs/NXP/S32DS_ARM_v2018.R1/S32DS/arm_ewl2/lib/armv7e-m\librt.a(__arm_eabi_init.o)
 .debug_loc     0x00000000      0x144 D:/Programs/NXP/S32DS_ARM_v2018.R1/S32DS/arm_ewl2/lib/armv7e-m\librt.a(__arm_eabi_init.o)
 .debug_aranges
                0x00000000       0x58 D:/Programs/NXP/S32DS_ARM_v2018.R1/S32DS/arm_ewl2/lib/armv7e-m\librt.a(__arm_eabi_init.o)
 .debug_line    0x00000000      0x107 D:/Programs/NXP/S32DS_ARM_v2018.R1/S32DS/arm_ewl2/lib/armv7e-m\librt.a(__arm_eabi_init.o)
 .debug_str     0x00000000      0x2b5 D:/Programs/NXP/S32DS_ARM_v2018.R1/S32DS/arm_ewl2/lib/armv7e-m\librt.a(__arm_eabi_init.o)
 .comment       0x00000000       0x71 D:/Programs/NXP/S32DS_ARM_v2018.R1/S32DS/arm_ewl2/lib/armv7e-m\librt.a(__arm_eabi_init.o)
 .debug_frame   0x00000000       0xac D:/Programs/NXP/S32DS_ARM_v2018.R1/S32DS/arm_ewl2/lib/armv7e-m\librt.a(__arm_eabi_init.o)
 .ARM.attributes
                0x00000000       0x33 D:/Programs/NXP/S32DS_ARM_v2018.R1/S32DS/arm_ewl2/lib/armv7e-m\librt.a(__arm_eabi_init.o)
 .text          0x00000000        0x0 D:/Programs/NXP/S32DS_ARM_v2018.R1/S32DS/arm_ewl2/lib/armv7e-m\librt.a(ROMCopy.o)
 .data          0x00000000        0x0 D:/Programs/NXP/S32DS_ARM_v2018.R1/S32DS/arm_ewl2/lib/armv7e-m\librt.a(ROMCopy.o)
 .bss           0x00000000        0x0 D:/Programs/NXP/S32DS_ARM_v2018.R1/S32DS/arm_ewl2/lib/armv7e-m\librt.a(ROMCopy.o)
 .text.__flush_cache
                0x00000000        0x2 D:/Programs/NXP/S32DS_ARM_v2018.R1/S32DS/arm_ewl2/lib/armv7e-m\librt.a(ROMCopy.o)
 .text.__copy_rom_section
                0x00000000       0x42 D:/Programs/NXP/S32DS_ARM_v2018.R1/S32DS/arm_ewl2/lib/armv7e-m\librt.a(ROMCopy.o)
 .text.__copy_rom_sections_to_ram
                0x00000000       0x28 D:/Programs/NXP/S32DS_ARM_v2018.R1/S32DS/arm_ewl2/lib/armv7e-m\librt.a(ROMCopy.o)
 .debug_info    0x00000000      0x20e D:/Programs/NXP/S32DS_ARM_v2018.R1/S32DS/arm_ewl2/lib/armv7e-m\librt.a(ROMCopy.o)
 .debug_abbrev  0x00000000      0x11f D:/Programs/NXP/S32DS_ARM_v2018.R1/S32DS/arm_ewl2/lib/armv7e-m\librt.a(ROMCopy.o)
 .debug_loc     0x00000000       0xb3 D:/Programs/NXP/S32DS_ARM_v2018.R1/S32DS/arm_ewl2/lib/armv7e-m\librt.a(ROMCopy.o)
 .debug_aranges
                0x00000000       0x30 D:/Programs/NXP/S32DS_ARM_v2018.R1/S32DS/arm_ewl2/lib/armv7e-m\librt.a(ROMCopy.o)
 .debug_line    0x00000000       0x9e D:/Programs/NXP/S32DS_ARM_v2018.R1/S32DS/arm_ewl2/lib/armv7e-m\librt.a(ROMCopy.o)
 .debug_str     0x00000000      0x233 D:/Programs/NXP/S32DS_ARM_v2018.R1/S32DS/arm_ewl2/lib/armv7e-m\librt.a(ROMCopy.o)
 .comment       0x00000000       0x71 D:/Programs/NXP/S32DS_ARM_v2018.R1/S32DS/arm_ewl2/lib/armv7e-m\librt.a(ROMCopy.o)
 .debug_frame   0x00000000       0x48 D:/Programs/NXP/S32DS_ARM_v2018.R1/S32DS/arm_ewl2/lib/armv7e-m\librt.a(ROMCopy.o)
 .ARM.attributes
                0x00000000       0x33 D:/Programs/NXP/S32DS_ARM_v2018.R1/S32DS/arm_ewl2/lib/armv7e-m\librt.a(ROMCopy.o)
 .text          0x00000000        0x0 D:/Programs/NXP/S32DS_ARM_v2018.R1/S32DS/arm_ewl2/lib/armv7e-m/__arm_end.o
 .data          0x00000000        0x0 D:/Programs/NXP/S32DS_ARM_v2018.R1/S32DS/arm_ewl2/lib/armv7e-m/__arm_end.o
 .bss           0x00000000        0x0 D:/Programs/NXP/S32DS_ARM_v2018.R1/S32DS/arm_ewl2/lib/armv7e-m/__arm_end.o
 .text._ExitProcess
                0x00000000        0x2 D:/Programs/NXP/S32DS_ARM_v2018.R1/S32DS/arm_ewl2/lib/armv7e-m/__arm_end.o
 .debug_info    0x00000000       0x4e D:/Programs/NXP/S32DS_ARM_v2018.R1/S32DS/arm_ewl2/lib/armv7e-m/__arm_end.o
 .debug_abbrev  0x00000000       0x4a D:/Programs/NXP/S32DS_ARM_v2018.R1/S32DS/arm_ewl2/lib/armv7e-m/__arm_end.o
 .debug_aranges
                0x00000000       0x20 D:/Programs/NXP/S32DS_ARM_v2018.R1/S32DS/arm_ewl2/lib/armv7e-m/__arm_end.o
 .debug_line    0x00000000       0x45 D:/Programs/NXP/S32DS_ARM_v2018.R1/S32DS/arm_ewl2/lib/armv7e-m/__arm_end.o
 .debug_str     0x00000000      0x1a7 D:/Programs/NXP/S32DS_ARM_v2018.R1/S32DS/arm_ewl2/lib/armv7e-m/__arm_end.o
 .comment       0x00000000       0x71 D:/Programs/NXP/S32DS_ARM_v2018.R1/S32DS/arm_ewl2/lib/armv7e-m/__arm_end.o
 .debug_frame   0x00000000       0x20 D:/Programs/NXP/S32DS_ARM_v2018.R1/S32DS/arm_ewl2/lib/armv7e-m/__arm_end.o
 .ARM.attributes
                0x00000000       0x33 D:/Programs/NXP/S32DS_ARM_v2018.R1/S32DS/arm_ewl2/lib/armv7e-m/__arm_end.o

Memory Configuration

Name             Origin             Length             Attributes
m_interrupts     0x00000000         0x00000400         xr
m_flash_config   0x00000400         0x00000010         xr
m_text           0x00000410         0x0007fbf0         xr
m_data           0x1fff8000         0x00008000         rw
m_data_2         0x20000000         0x00007000         rw
*default*        0x00000000         0xffffffff

Linker script and memory map

LOAD D:/Programs/NXP/S32DS_ARM_v2018.R1/S32DS/arm_ewl2/lib/armv7e-m/__arm_start.o
LOAD ./src/output_functions.o
LOAD ./src/macros.o
LOAD ./src/lpti0_functions.o
LOAD ./src/initialization_functions.o
LOAD ./src/hello.o
LOAD ./src/clocks_and_modes.o
LOAD ./Project_Settings/Startup_Code/system_S32K144.o
LOAD ./Project_Settings/Startup_Code/startup_S32K144.o
LOAD ./Project_Settings/Startup_Code/startup.o
START GROUP
LOAD D:/Programs/NXP/S32DS_ARM_v2018.R1/S32DS/arm_ewl2/lib/armv7e-m\libc99.a
LOAD D:/Programs/NXP/S32DS_ARM_v2018.R1/S32DS/arm_ewl2/lib/armv7e-m\libm.a
LOAD d:/programs/nxp/s32ds_arm_v2018.r1/cross_tools/gcc-arm-none-eabi-4_9/bin/../lib/gcc/arm-none-eabi/4.9.3/armv7e-m\libgcc.a
LOAD D:/Programs/NXP/S32DS_ARM_v2018.R1/S32DS/arm_ewl2/lib/armv7e-m\librt.a
LOAD D:/Programs/NXP/S32DS_ARM_v2018.R1/S32DS/arm_ewl2/lib/armv7e-m\libnoio.a
END GROUP
LOAD D:/Programs/NXP/S32DS_ARM_v2018.R1/S32DS/arm_ewl2/lib/armv7e-m/__arm_end.o
                0x00000400                HEAP_SIZE = DEFINED (__heap_size__)?__heap_size__:0x400
                0x00000400                STACK_SIZE = DEFINED (__stack_size__)?__stack_size__:0x400
                0x00000400                M_VECTOR_RAM_SIZE = DEFINED (__flash_vector_table__)?0x0:0x400

.interrupts     0x00000000      0x400
                0x00000000                __VECTOR_TABLE = .
                0x00000000                . = ALIGN (0x4)
 *(.isr_vector)
 .isr_vector    0x00000000      0x400 ./Project_Settings/Startup_Code/startup_S32K144.o
                0x00000000                __isr_vector
                0x00000400                . = ALIGN (0x4)

.flash_config   0x00000400       0x10
                0x00000400                . = ALIGN (0x4)
 *(.FlashConfig)
 .FlashConfig   0x00000400       0x10 ./Project_Settings/Startup_Code/startup_S32K144.o
                0x00000410                . = ALIGN (0x4)

.text           0x00000410      0xa9c
                0x00000410                . = ALIGN (0x4)
 *(.text)
 .text          0x00000410       0x44 ./Project_Settings/Startup_Code/startup_S32K144.o
                0x00000410                Reset_Handler
                0x00000450                DebugMon_Handler
                0x00000450                Reserved88_IRQHandler
                0x00000450                CAN0_ORed_IRQHandler
                0x00000450                HardFault_Handler
                0x00000450                Reserved86_IRQHandler
                0x00000450                Reserved103_IRQHandler
                0x00000450                SysTick_Handler
                0x00000450                FTM2_Ovf_Reload_IRQHandler
                0x00000450                Reserved50_IRQHandler
                0x00000450                FTFC_Fault_IRQHandler
                0x00000450                FTM0_Ch6_Ch7_IRQHandler
                0x00000450                Reserved114_IRQHandler
                0x00000450                PendSV_Handler
                0x00000450                NMI_Handler
                0x00000450                Reserved89_IRQHandler
                0x00000450                ERM_double_fault_IRQHandler
                0x00000450                DMA2_IRQHandler
                0x00000450                Reserved59_IRQHandler
                0x00000450                Reserved99_IRQHandler
                0x00000450                FTM3_Ch6_Ch7_IRQHandler
                0x00000450                CAN2_ORed_0_15_MB_IRQHandler
                0x00000450                LPIT0_Ch3_IRQHandler
                0x00000450                Reserved92_IRQHandler
                0x00000450                FTM0_Ch4_Ch5_IRQHandler
                0x00000450                CAN1_Error_IRQHandler
                0x00000450                FTM3_Ch0_Ch1_IRQHandler
                0x00000450                SWI_IRQHandler
                0x00000450                ADC0_IRQHandler
                0x00000450                FTM2_Ch4_Ch5_IRQHandler
                0x00000450                UsageFault_Handler
                0x00000450                FTM0_Ovf_Reload_IRQHandler
                0x00000450                DefaultISR
                0x00000450                DMA9_IRQHandler
                0x00000450                Reserved58_IRQHandler
                0x00000450                CAN1_ORed_0_15_MB_IRQHandler
                0x00000450                FTM1_Ch2_Ch3_IRQHandler
                0x00000450                DMA14_IRQHandler
                0x00000450                Reserved82_IRQHandler
                0x00000450                CAN0_ORed_16_31_MB_IRQHandler
                0x00000450                LPI2C0_Slave_IRQHandler
                0x00000450                Reserved71_IRQHandler
                0x00000450                PORTD_IRQHandler
                0x00000450                Reserved69_IRQHandler
                0x00000450                PORTB_IRQHandler
                0x00000450                Reserved70_IRQHandler
                0x00000450                ADC1_IRQHandler
                0x00000450                FTM2_Ch2_Ch3_IRQHandler
                0x00000450                Reserved53_IRQHandler
                0x00000450                DMA5_IRQHandler
                0x00000450                RTC_IRQHandler
                0x00000450                PDB0_IRQHandler
                0x00000450                Reserved54_IRQHandler
                0x00000450                FTM2_Ch6_Ch7_IRQHandler
                0x00000450                FTM3_Ch2_Ch3_IRQHandler
                0x00000450                FTM2_Ch0_Ch1_IRQHandler
                0x00000450                LPSPI1_IRQHandler
                0x00000450                LPUART1_RxTx_IRQHandler
                0x00000450                RTC_Seconds_IRQHandler
                0x00000450                CAN2_ORed_IRQHandler
                0x00000450                Reserved72_IRQHandler
                0x00000450                Reserved110_IRQHandler
                0x00000450                DMA11_IRQHandler
                0x00000450                Reserved107_IRQHandler
                0x00000450                Read_Collision_IRQHandler
                0x00000450                CAN2_Error_IRQHandler
                0x00000450                FTFC_IRQHandler
                0x00000450                DMA7_IRQHandler
                0x00000450                FTM1_Ch6_Ch7_IRQHandler
                0x00000450                Reserved105_IRQHandler
                0x00000450                FTM1_Ch4_Ch5_IRQHandler
                0x00000450                FTM3_Ovf_Reload_IRQHandler
                0x00000450                LPUART2_RxTx_IRQHandler
                0x00000450                LPSPI0_IRQHandler
                0x00000450                WDOG_EWM_IRQHandler
                0x00000450                MemManage_Handler
                0x00000450                Reserved90_IRQHandler
                0x00000450                Reserved83_IRQHandler
                0x00000450                FTM0_Fault_IRQHandler
                0x00000450                Reserved48_IRQHandler
                0x00000450                SVC_Handler
                0x00000450                ERM_single_fault_IRQHandler
                0x00000450                FTM2_Fault_IRQHandler
                0x00000450                FTM0_Ch2_Ch3_IRQHandler
                0x00000450                DMA13_IRQHandler
                0x00000450                FTM0_Ch0_Ch1_IRQHandler
                0x00000450                FTM3_Fault_IRQHandler
                0x00000450                RCM_IRQHandler
                0x00000450                DMA3_IRQHandler
                0x00000450                Reserved100_IRQHandler
                0x00000450                DMA0_IRQHandler
                0x00000450                Reserved91_IRQHandler
                0x00000450                CAN1_ORed_IRQHandler
                0x00000450                DMA15_IRQHandler
                0x00000450                SCG_IRQHandler
                0x00000450                PDB1_IRQHandler
                0x00000450                Reserved81_IRQHandler
                0x00000450                Reserved46_IRQHandler
                0x00000450                Reserved45_IRQHandler
                0x00000450                CAN0_Error_IRQHandler
                0x00000450                Reserved112_IRQHandler
                0x00000450                LPI2C0_Master_IRQHandler
                0x00000450                DMA4_IRQHandler
                0x00000450                FTM1_Fault_IRQHandler
                0x00000450                Reserved106_IRQHandler
                0x00000450                DMA_Error_IRQHandler
                0x00000450                LVD_LVW_IRQHandler
                0x00000450                PORTA_IRQHandler
                0x00000450                MCM_IRQHandler
                0x00000450                LPSPI2_IRQHandler
                0x00000450                DMA12_IRQHandler
                0x00000450                FTM3_Ch4_Ch5_IRQHandler
                0x00000450                CAN0_ORed_0_15_MB_IRQHandler
                0x00000450                PORTE_IRQHandler
                0x00000450                LPUART0_RxTx_IRQHandler
                0x00000450                LPTMR0_IRQHandler
                0x00000450                BusFault_Handler
                0x00000450                Reserved87_IRQHandler
                0x00000450                FTM1_Ovf_Reload_IRQHandler
                0x00000450                DMA8_IRQHandler
                0x00000450                Reserved93_IRQHandler
                0x00000450                DMA10_IRQHandler
                0x00000450                CAN0_Wake_Up_IRQHandler
                0x00000450                CMP0_IRQHandler
                0x00000450                Reserved52_IRQHandler
                0x00000450                DMA6_IRQHandler
                0x00000450                FTM1_Ch0_Ch1_IRQHandler
                0x00000450                FLEXIO_IRQHandler
                0x00000450                DMA1_IRQHandler
                0x00000450                Reserved113_IRQHandler
 *(.text*)
 .text.LPIT0_chan0_init
                0x00000454       0x58 ./src/lpti0_functions.o
                0x00000454                LPIT0_chan0_init
 .text.LPIT0_chan1_init
                0x000004ac       0x38 ./src/lpti0_functions.o
                0x000004ac                LPIT0_chan1_init
 .text.LPIT0_chan2_init
                0x000004e4       0x50 ./src/lpti0_functions.o
                0x000004e4                LPIT0_chan2_init
 .text.LPIT0_chan_end
                0x00000534       0x3c ./src/lpti0_functions.o
                0x00000534                LPIT0_chan_end
 .text.PORT_init
                0x00000570      0x15c ./src/initialization_functions.o
                0x00000570                PORT_init
 .text.NVIC_init_IRQs
                0x000006cc       0x78 ./src/initialization_functions.o
                0x000006cc                NVIC_init_IRQs
 .text.WDOG_disable
                0x00000744       0x2c ./src/initialization_functions.o
                0x00000744                WDOG_disable
 .text.FILTER_init
                0x00000770       0x50 ./src/initialization_functions.o
                0x00000770                FILTER_init
 .text.MICROCONTROLLER_init
                0x000007c0       0x24 ./src/initialization_functions.o
                0x000007c0                MICROCONTROLLER_init
 .text.led_output
                0x000007e4       0x68 ./src/hello.o
                0x000007e4                led_output
 .text.turn_off
                0x0000084c       0x28 ./src/hello.o
                0x0000084c                turn_off
 .text.go_up    0x00000874       0x20 ./src/hello.o
                0x00000874                go_up
 .text.go_down  0x00000894       0x20 ./src/hello.o
                0x00000894                go_down
 .text.main     0x000008b4       0xa4 ./src/hello.o
                0x000008b4                main
 .text.PORTC_IRQHandler
                0x00000958      0x174 ./src/hello.o
                0x00000958                PORTC_IRQHandler
 .text.LPIT0_Ch0_IRQHandler
                0x00000acc       0xd8 ./src/hello.o
                0x00000acc                LPIT0_Ch0_IRQHandler
 .text.LPIT0_Ch1_IRQHandler
                0x00000ba4       0xd4 ./src/hello.o
                0x00000ba4                LPIT0_Ch1_IRQHandler
 .text.LPIT0_Ch2_IRQHandler
                0x00000c78       0x40 ./src/hello.o
                0x00000c78                LPIT0_Ch2_IRQHandler
 .text.SOSC_init_8MHz
                0x00000cb8       0x4c ./src/clocks_and_modes.o
                0x00000cb8                SOSC_init_8MHz
 .text.SPLL_init_160MHz
                0x00000d04       0x64 ./src/clocks_and_modes.o
                0x00000d04                SPLL_init_160MHz
 .text.NormalRUNmode_80MHz
                0x00000d68       0x20 ./src/clocks_and_modes.o
                0x00000d68                NormalRUNmode_80MHz
 .text.SystemInit
                0x00000d88       0x30 ./Project_Settings/Startup_Code/system_S32K144.o
                0x00000d88                SystemInit
 .text.init_data_bss
                0x00000db8       0xf4 ./Project_Settings/Startup_Code/startup.o
                0x00000db8                init_data_bss
 *(.rodata)
 *(.rodata*)
 *(.glue_7)
 .glue_7        0x00000000        0x0 linker stubs
 *(.glue_7t)
 .glue_7t       0x00000000        0x0 linker stubs
 *(.eh_frame)
 *(.init)
 *(.fini)
                0x00000eac                . = ALIGN (0x4)

.vfp11_veneer   0x00000eac        0x0
 .vfp11_veneer  0x00000000        0x0 linker stubs

.v4_bx          0x00000eac        0x0
 .v4_bx         0x00000000        0x0 linker stubs

.iplt           0x00000eac        0x0
 .iplt          0x00000000        0x0 D:/Programs/NXP/S32DS_ARM_v2018.R1/S32DS/arm_ewl2/lib/armv7e-m/__arm_start.o

.rel.dyn        0x00000eac        0x0
 .rel.iplt      0x00000000        0x0 D:/Programs/NXP/S32DS_ARM_v2018.R1/S32DS/arm_ewl2/lib/armv7e-m/__arm_start.o

.ARM.extab
 *(.ARM.extab* .gnu.linkonce.armextab.*)

.ARM            0x00000eac        0x0
                0x00000eac                __exidx_start = .
 *(.ARM.exidx*)
                0x00000eac                __exidx_end = .

.ctors          0x00000eac        0x0
                0x00000eac                __CTOR_LIST__ = .
 *crtbegin.o(.ctors)
 *crtbegin?.o(.ctors)
 *(EXCLUDE_FILE(*crtend.o *crtend?.o) .ctors)
 *(SORT(.ctors.*))
 *(.ctors)
                0x00000eac                __CTOR_END__ = .

.dtors          0x00000eac        0x0
                0x00000eac                __DTOR_LIST__ = .
 *crtbegin.o(.dtors)
 *crtbegin?.o(.dtors)
 *(EXCLUDE_FILE(*crtend.o *crtend?.o) .dtors)
 *(SORT(.dtors.*))
 *(.dtors)
                0x00000eac                __DTOR_END__ = .

.preinit_array  0x00000eac        0x0
                0x00000eac                PROVIDE (__preinit_array_start, .)
 *(.preinit_array*)
                0x00000eac                PROVIDE (__preinit_array_end, .)

.init_array     0x00000eac        0x0
                0x00000eac                PROVIDE (__init_array_start, .)
 *(SORT(.init_array.*))
 *(.init_array*)
                0x00000eac                PROVIDE (__init_array_end, .)

.fini_array     0x00000eac        0x0
                0x00000eac                PROVIDE (__fini_array_start, .)
 *(SORT(.fini_array.*))
 *(.fini_array*)
                0x00000eac                PROVIDE (__fini_array_end, .)
                0x00000eac                __etext = .
                0x00000eac                __DATA_ROM = .

.interrupts_ram
                0x1fff8000      0x400
                0x1fff8000                . = ALIGN (0x4)
                0x1fff8000                __VECTOR_RAM__ = .
                0x1fff8000                __interrupts_ram_start__ = .
 *(.m_interrupts_ram)
                0x1fff8400                . = (. + M_VECTOR_RAM_SIZE)
 *fill*         0x1fff8000      0x400 
                0x1fff8400                . = ALIGN (0x4)
                0x1fff8400                __interrupts_ram_end__ = .
                0x1fff8000                __VECTOR_RAM = DEFINED (__flash_vector_table__)?ORIGIN (m_interrupts):__VECTOR_RAM__
                0x00000400                __RAM_VECTOR_TABLE_SIZE = DEFINED (__flash_vector_table__)?0x0:(__interrupts_ram_end__ - __interrupts_ram_start__)

.data           0x1fff8400        0x0 load address 0x00000eac
                0x1fff8400                . = ALIGN (0x4)
                0x1fff8400                __DATA_RAM = .
                0x1fff8400                __data_start__ = .
 *(.data)
 *(.data*)
 *(.jcr*)
                0x1fff8400                . = ALIGN (0x4)
                0x1fff8400                __data_end__ = .
                0x00000eac                __DATA_END = (__DATA_ROM + (__data_end__ - __data_start__))
                0x00000eac                __CODE_ROM = __DATA_END

.igot.plt       0x1fff8400        0x0
 .igot.plt      0x00000000        0x0 D:/Programs/NXP/S32DS_ARM_v2018.R1/S32DS/arm_ewl2/lib/armv7e-m/__arm_start.o

.code           0x1fff8400        0x0 load address 0x00000eac
                0x1fff8400                . = ALIGN (0x4)
                0x1fff8400                __CODE_RAM = .
                0x1fff8400                __code_start__ = .
 *(.code_ram)
                0x1fff8400                . = ALIGN (0x4)
                0x1fff8400                __code_end__ = .
                0x00000eac                __CODE_END = (__CODE_ROM + (__code_end__ - __code_start__))

.customSectionBlock
 *(.customSection)

.bss            0x20000000       0x18
                0x20000000                . = ALIGN (0x4)
                0x20000000                __BSS_START = .
                0x20000000                __bss_start__ = .
 *(.bss)
 *(.bss*)
 .bss.ui32_lpit0_ch0_flag_counter
                0x20000000        0x4 ./src/hello.o
                0x20000000                ui32_lpit0_ch0_flag_counter
 .bss.ui32_lpit0_ch1_flag_counter
                0x20000004        0x4 ./src/hello.o
                0x20000004                ui32_lpit0_ch1_flag_counter
 .bss.ui32_lpit0_ch2_flag_counter
                0x20000008        0x4 ./src/hello.o
                0x20000008                ui32_lpit0_ch2_flag_counter
 .bss.uc8_Anti_Pinch
                0x2000000c        0x1 ./src/hello.o
                0x2000000c                uc8_Anti_Pinch
 .bss.uc8_up    0x2000000d        0x1 ./src/hello.o
                0x2000000d                uc8_up
 .bss.uc8_down  0x2000000e        0x1 ./src/hello.o
                0x2000000e                uc8_down
 *fill*         0x2000000f        0x1 
 .bss.ui32_value
                0x20000010        0x4 ./src/hello.o
                0x20000010                ui32_value
 *(COMMON)
 COMMON         0x20000014        0x4 ./src/hello.o
                0x20000014                ui8_Register
                0x20000018                . = ALIGN (0x4)
                0x20000018                __bss_end__ = .
                0x20000018                __BSS_END = .

.heap           0x20000018      0x400
                0x20000018                . = ALIGN (0x8)
                0x20000018                __end__ = .
                0x20000018                PROVIDE (end, .)
                0x20000018                PROVIDE (_end, .)
                0x20000018                PROVIDE (__end, .)
                0x20000018                __HeapBase = .
                0x20000418                . = (. + HEAP_SIZE)
 *fill*         0x20000018      0x400 
                0x20000418                __HeapLimit = .
                0x20000418                __heap_limit = .

.stack          0x20000418      0x400
                0x20000418                . = ALIGN (0x8)
                0x20000818                . = (. + STACK_SIZE)
 *fill*         0x20000418      0x400 
                0x20007000                __StackTop = (ORIGIN (m_data_2) + 0x7000)
                0x20006c00                __StackLimit = (__StackTop - STACK_SIZE)
                0x20007000                PROVIDE (__stack, __StackTop)

.ARM.attributes
                0x00000000       0x31
 *(.ARM.attributes)
 .ARM.attributes
                0x00000000       0x33 ./src/lpti0_functions.o
 .ARM.attributes
                0x00000033       0x33 ./src/initialization_functions.o
 .ARM.attributes
                0x00000066       0x33 ./src/hello.o
 .ARM.attributes
                0x00000099       0x33 ./src/clocks_and_modes.o
 .ARM.attributes
                0x000000cc       0x33 ./Project_Settings/Startup_Code/system_S32K144.o
 .ARM.attributes
                0x000000ff       0x1b ./Project_Settings/Startup_Code/startup_S32K144.o
 .ARM.attributes
                0x0000011a       0x33 ./Project_Settings/Startup_Code/startup.o
                0x00000001                ASSERT ((__StackLimit >= __HeapLimit), region m_data_2 overflowed with stack and heap)
OUTPUT(chava.elf elf32-littlearm)

.debug_info     0x00000000     0x16be
 .debug_info    0x00000000      0x20c ./src/lpti0_functions.o
 .debug_info    0x0000020c      0x3d6 ./src/initialization_functions.o
 .debug_info    0x000005e2      0x4fa ./src/hello.o
 .debug_info    0x00000adc      0x269 ./src/clocks_and_modes.o
 .debug_info    0x00000d45      0x500 ./Project_Settings/Startup_Code/system_S32K144.o
 .debug_info    0x00001245       0x8e ./Project_Settings/Startup_Code/startup_S32K144.o
 .debug_info    0x000012d3      0x3eb ./Project_Settings/Startup_Code/startup.o

.debug_abbrev   0x00000000      0x614
 .debug_abbrev  0x00000000       0xde ./src/lpti0_functions.o
 .debug_abbrev  0x000000de       0xf6 ./src/initialization_functions.o
 .debug_abbrev  0x000001d4      0x151 ./src/hello.o
 .debug_abbrev  0x00000325       0xc2 ./src/clocks_and_modes.o
 .debug_abbrev  0x000003e7      0x118 ./Project_Settings/Startup_Code/system_S32K144.o
 .debug_abbrev  0x000004ff       0x14 ./Project_Settings/Startup_Code/startup_S32K144.o
 .debug_abbrev  0x00000513      0x101 ./Project_Settings/Startup_Code/startup.o

.debug_aranges  0x00000000      0x178
 .debug_aranges
                0x00000000       0x38 ./src/lpti0_functions.o
 .debug_aranges
                0x00000038       0x40 ./src/initialization_functions.o
 .debug_aranges
                0x00000078       0x60 ./src/hello.o
 .debug_aranges
                0x000000d8       0x30 ./src/clocks_and_modes.o
 .debug_aranges
                0x00000108       0x30 ./Project_Settings/Startup_Code/system_S32K144.o
 .debug_aranges
                0x00000138       0x20 ./Project_Settings/Startup_Code/startup_S32K144.o
 .debug_aranges
                0x00000158       0x20 ./Project_Settings/Startup_Code/startup.o

.debug_ranges   0x00000000       0xf8
 .debug_ranges  0x00000000       0x28 ./src/lpti0_functions.o
 .debug_ranges  0x00000028       0x30 ./src/initialization_functions.o
 .debug_ranges  0x00000058       0x50 ./src/hello.o
 .debug_ranges  0x000000a8       0x20 ./src/clocks_and_modes.o
 .debug_ranges  0x000000c8       0x20 ./Project_Settings/Startup_Code/system_S32K144.o
 .debug_ranges  0x000000e8       0x10 ./Project_Settings/Startup_Code/startup.o

.debug_macro    0x00000000      0xf72
 .debug_macro   0x00000000       0xb0 ./src/lpti0_functions.o
 .debug_macro   0x000000b0       0xd1 ./src/initialization_functions.o
 .debug_macro   0x00000181       0x64 ./src/initialization_functions.o
 .debug_macro   0x000001e5       0xd1 ./src/hello.o
 .debug_macro   0x000002b6       0xb0 ./src/clocks_and_modes.o
 .debug_macro   0x00000366       0xe9 ./Project_Settings/Startup_Code/system_S32K144.o
 .debug_macro   0x0000044f       0x10 ./Project_Settings/Startup_Code/system_S32K144.o
 .debug_macro   0x0000045f       0x6d ./Project_Settings/Startup_Code/system_S32K144.o
 .debug_macro   0x000004cc      0x978 ./Project_Settings/Startup_Code/system_S32K144.o
 .debug_macro   0x00000e44       0x22 ./Project_Settings/Startup_Code/system_S32K144.o
 .debug_macro   0x00000e66       0x22 ./Project_Settings/Startup_Code/system_S32K144.o
 .debug_macro   0x00000e88       0xea ./Project_Settings/Startup_Code/startup.o

.debug_line     0x00000000     0x1031
 .debug_line    0x00000000      0x226 ./src/lpti0_functions.o
 .debug_line    0x00000226      0x2a8 ./src/initialization_functions.o
 .debug_line    0x000004ce      0x388 ./src/hello.o
 .debug_line    0x00000856      0x235 ./src/clocks_and_modes.o
 .debug_line    0x00000a8b      0x2af ./Project_Settings/Startup_Code/system_S32K144.o
 .debug_line    0x00000d3a       0x83 ./Project_Settings/Startup_Code/startup_S32K144.o
 .debug_line    0x00000dbd      0x274 ./Project_Settings/Startup_Code/startup.o

.debug_str      0x00000000    0x62a90
 .debug_str     0x00000000    0x5dc6a ./src/lpti0_functions.o
                              0x5dcfa (size before relaxing)
 .debug_str     0x0005dc6a      0x321 ./src/initialization_functions.o
                              0x5df6d (size before relaxing)
 .debug_str     0x0005df8b      0x143 ./src/hello.o
                              0x5e04c (size before relaxing)
 .debug_str     0x0005e0ce       0xd1 ./src/clocks_and_modes.o
                              0x5dd5c (size before relaxing)
 .debug_str     0x0005e19f     0x47d1 ./Project_Settings/Startup_Code/system_S32K144.o
                              0x624e5 (size before relaxing)
 .debug_str     0x00062970      0x120 ./Project_Settings/Startup_Code/startup.o
                              0x6241c (size before relaxing)

.comment        0x00000000       0x70
 .comment       0x00000000       0x70 ./src/lpti0_functions.o
                                 0x71 (size before relaxing)
 .comment       0x00000000       0x71 ./src/initialization_functions.o
 .comment       0x00000000       0x71 ./src/hello.o
 .comment       0x00000000       0x71 ./src/clocks_and_modes.o
 .comment       0x00000000       0x71 ./Project_Settings/Startup_Code/system_S32K144.o
 .comment       0x00000000       0x71 ./Project_Settings/Startup_Code/startup.o

.debug_frame    0x00000000      0x384
 .debug_frame   0x00000000       0x98 ./src/lpti0_functions.o
 .debug_frame   0x00000098       0xac ./src/initialization_functions.o
 .debug_frame   0x00000144      0x118 ./src/hello.o
 .debug_frame   0x0000025c       0x70 ./src/clocks_and_modes.o
 .debug_frame   0x000002cc       0x80 ./Project_Settings/Startup_Code/system_S32K144.o
 .debug_frame   0x0000034c       0x38 ./Project_Settings/Startup_Code/startup.o
